<?php return array (
  0 => 'Symfony\\Bundle\\FrameworkBundle\\Controller\\AbstractController',
  1 => 'App\\Controller\\ApprenantController',
  2 => 'App\\Controller\\ApprenantLivrablePartielController',
  3 => 'App\\Controller\\CompetenceController',
  4 => 'App\\Controller\\CompetencesAcquisesController',
  5 => 'App\\Controller\\GroupeTagController',
  6 => 'App\\Controller\\ProfilController',
  7 => 'App\\Controller\\PromoController',
  8 => 'App\\Controller\\ReferentielController',
  9 => 'App\\Controller\\ReglagesController',
  10 => 'App\\Controller\\SecurityController',
  11 => 'App\\Controller\\TagController',
  12 => 'App\\Controller\\UtilisateurController',
  13 => 'App\\Entity\\Administrateur',
  14 => 'App\\Entity\\Apprenant',
  15 => 'App\\Entity\\ApprenantLivrablePartiel',
  16 => 'App\\Entity\\Brief',
  17 => 'App\\Entity\\BriefApprenant',
  18 => 'App\\Entity\\BriefMaPromo',
  19 => 'App\\Entity\\CM',
  20 => 'App\\Entity\\Chat',
  21 => 'App\\Entity\\Commentaires',
  22 => 'App\\Entity\\Competence',
  23 => 'App\\Entity\\CompetencesValides',
  24 => 'App\\Entity\\EtatBriefGroupe',
  25 => 'App\\Entity\\FilDeDiscussion',
  26 => 'App\\Entity\\Formateur',
  27 => 'App\\Entity\\GroupCompetence',
  28 => 'App\\Entity\\GroupPromo',
  29 => 'App\\Entity\\GroupeTag',
  30 => 'App\\Entity\\LivrableAttendu',
  31 => 'App\\Entity\\LivrableAttenduApprenant',
  32 => 'App\\Entity\\LivrablePartiel',
  33 => 'App\\Entity\\Niveau',
  34 => 'App\\Entity\\Profil',
  35 => 'App\\Entity\\ProfilSortie',
  36 => 'App\\Entity\\Promo',
  37 => 'App\\Entity\\Referentiel',
  38 => 'App\\Entity\\Ressource',
  39 => 'App\\Entity\\Tag',
  40 => 'App\\Entity\\Utilisateur',
  41 => 'Doctrine\\Bundle\\DoctrineBundle\\Controller\\ProfilerController',
  42 => 'Doctrine\\ORM\\Cache\\Persister\\Entity\\AbstractEntityPersister',
  43 => 'Doctrine\\ORM\\Cache\\Persister\\Entity\\CachedEntityPersister',
  44 => 'Doctrine\\ORM\\Cache\\Persister\\Entity\\NonStrictReadWriteCachedEntityPersister',
  45 => 'Doctrine\\ORM\\Cache\\Persister\\Entity\\ReadOnlyCachedEntityPersister',
  46 => 'Doctrine\\ORM\\Cache\\Persister\\Entity\\ReadWriteCachedEntityPersister',
  47 => 'Doctrine\\ORM\\Persisters\\Entity\\AbstractEntityInheritancePersister',
  48 => 'Doctrine\\ORM\\Persisters\\Entity\\BasicEntityPersister',
  49 => 'Doctrine\\ORM\\Persisters\\Entity\\CachedPersisterContext',
  50 => 'Doctrine\\ORM\\Persisters\\Entity\\EntityPersister',
  51 => 'Doctrine\\ORM\\Persisters\\Entity\\JoinedSubclassPersister',
  52 => 'Doctrine\\ORM\\Persisters\\Entity\\SingleTablePersister',
  54 => 'Symfony\\Bundle\\FrameworkBundle\\Controller\\ControllerResolver',
  55 => 'Symfony\\Bundle\\FrameworkBundle\\Controller\\RedirectController',
  56 => 'Symfony\\Bundle\\FrameworkBundle\\Controller\\TemplateController',
  57 => 'Symfony\\Bundle\\WebProfilerBundle\\Controller\\ExceptionPanelController',
  58 => 'Symfony\\Bundle\\WebProfilerBundle\\Controller\\ProfilerController',
  59 => 'Symfony\\Bundle\\WebProfilerBundle\\Controller\\RouterController',
  60 => 'Symfony\\Component\\HttpKernel\\Controller\\ArgumentResolver',
  61 => 'Symfony\\Component\\HttpKernel\\Controller\\ArgumentResolverInterface',
  62 => 'Symfony\\Component\\HttpKernel\\Controller\\ArgumentResolver\\DefaultValueResolver',
  63 => 'Symfony\\Component\\HttpKernel\\Controller\\ArgumentResolver\\NotTaggedControllerValueResolver',
  64 => 'Symfony\\Component\\HttpKernel\\Controller\\ArgumentResolver\\RequestAttributeValueResolver',
  65 => 'Symfony\\Component\\HttpKernel\\Controller\\ArgumentResolver\\RequestValueResolver',
  66 => 'Symfony\\Component\\HttpKernel\\Controller\\ArgumentResolver\\ServiceValueResolver',
  67 => 'Symfony\\Component\\HttpKernel\\Controller\\ArgumentResolver\\SessionValueResolver',
  68 => 'Symfony\\Component\\HttpKernel\\Controller\\ArgumentResolver\\TraceableValueResolver',
  69 => 'Symfony\\Component\\HttpKernel\\Controller\\ArgumentResolver\\VariadicValueResolver',
  70 => 'Symfony\\Component\\HttpKernel\\Controller\\ArgumentValueResolverInterface',
  71 => 'Symfony\\Component\\HttpKernel\\Controller\\ContainerControllerResolver',
  72 => 'Symfony\\Component\\HttpKernel\\Controller\\ControllerReference',
  73 => 'Symfony\\Component\\HttpKernel\\Controller\\ControllerResolver',
  74 => 'Symfony\\Component\\HttpKernel\\Controller\\ControllerResolverInterface',
  75 => 'Symfony\\Component\\HttpKernel\\Controller\\ErrorController',
  76 => 'Symfony\\Component\\HttpKernel\\Controller\\TraceableArgumentResolver',
  77 => 'Symfony\\Component\\HttpKernel\\Controller\\TraceableControllerResolver',
  78 => 'Symfony\\Component\\Security\\Http\\Controller\\UserValueResolver',
  79 => 'Vich\\UploaderBundle\\Entity\\File',
);